   Compiling input_analyzer v0.5.0 (E:\workspace\input_analyzer)
error: this file contains an unclosed delimiter
    --> src\bin\input_editor_gui.rs:1580:3
     |
 123 | struct InputEditorApp {
     |                       - unclosed delimiter
...
1580 | }
     |  ^

error: could not compile `input_analyzer` (bin "input_editor_gui") due to 1 previous error
